src/contexts/DarkModeContext.tsx(45,23): error TS7006: Parameter 'prev' implicitly has an 'any' type.
src/routes/admin/AdminDashboardPage.tsx(10,5): error TS6133: 'Eye' is declared but its value is never read.
src/routes/admin/AdminDashboardPage.tsx(13,5): error TS6133: 'Calendar' is declared but its value is never read.
src/routes/admin/AdminSettingsPage.tsx(1,1): error TS6133: 'React' is declared but its value is never read.
src/routes/admin/AdminUsersPage.tsx(3,30): error TS6133: 'Trash2' is declared but its value is never read.
src/routes/admin/AdminUsersPage.tsx(3,84): error TS6133: 'Mail' is declared but its value is never read.
src/routes/instructor/InstructorAssignmentsPage.tsx(6,5): error TS6133: 'Trash2' is declared but its value is never read.
src/routes/instructor/InstructorAssignmentsPage.tsx(17,5): error TS6133: 'Filter' is declared but its value is never read.
src/routes/instructor/InstructorAssignmentsPage.tsx(18,5): error TS6133: 'Search' is declared but its value is never read.
src/routes/instructor/InstructorAssignmentsPage.tsx(49,12): error TS6133: 'showCreateModal' is declared but its value is never read.
src/routes/LoginPage.tsx(85,33): error TS2783: 'onBlur' is specified more than once, so this usage will be overwritten.
src/routes/LoginPage.tsx(108,33): error TS2783: 'onBlur' is specified more than once, so this usage will be overwritten.
src/routes/MessagesPage.tsx(6,5): error TS6133: 'Filter' is declared but its value is never read.
src/routes/MessagesPage.tsx(12,5): error TS6133: 'Reply' is declared but its value is never read.
src/routes/student/AssignmentsPage.tsx(2,1): error TS6133: 'Link' is declared but its value is never read.
src/routes/student/DashboardPage.tsx(2,29): error TS6133: 'Button' is declared but its value is never read.
src/routes/student/DashboardPage.tsx(3,20): error TS6133: 'Clock' is declared but its value is never read.
src/routes/student/GradesPage.tsx(4,5): error TS6133: 'TrendingUp' is declared but its value is never read.
src/routes/student/GradesPage.tsx(5,5): error TS6133: 'TrendingDown' is declared but its value is never read.
src/routes/student/GradesPage.tsx(8,5): error TS6133: 'Calendar' is declared but its value is never read.
src/routes/student/GradesPage.tsx(9,5): error TS6133: 'Filter' is declared but its value is never read.
src/routes/student/GradesPage.tsx(12,5): error TS6133: 'Star' is declared but its value is never read.
src/routes/student/GradesPage.tsx(191,11): error TS6133: 'overallGPA' is declared but its value is never read.
src/routes/student/LessonPlayerPage.tsx(3,16): error TS6133: 'Pause' is declared but its value is never read.
src/routes/student/LessonPlayerPage.tsx(3,32): error TS6133: 'VolumeX' is declared but its value is never read.
src/routes/student/LessonPlayerPage.tsx(6,13): error TS6133: 'courseId' is declared but its value is never read.
